[espace.ae/index.html]
[backblue.gif]
[fade.gif]
[index.html]
[cdn.rawgit.com/davidstutz/bootstrap-multiselect/master/dist/css/bootstrap-multiselect.css]
[www.google-analytics.com/analytics.js]
[www.espacecrem.com/gallery/images/sales/properties/villas-apartments/default/espace-exquisite-penthouse-with-panoramic-sea-and-dubai-eye-views1-6741.jpg]
[www.espacecrem.com/gallery/images/sales/properties/villas-apartments/default/espace-luxury-6-bedroom-villa-with-full-golf-course-view-in-emirates-hills1-6168.jpg]
[www.espacecrem.com/gallery/images/sales/properties/villas-apartments/default/espace-mar-52871-2277.jpg]
[www.espacecrem.com/gallery/images/sales/properties/villas-apartments/default/espace-exclusive-corner-5-br-on-golf-course1-7161.jpg]
[www.espacecrem.com/gallery/images/sales/properties/villas-apartments/default/espace-amazing-payment-plan-40-percent-after-hand-over1-6241.jpg]
[www.espacecrem.com/gallery/images/sales/properties/villas-apartments/default/espace-well-presented-type-2m-villa-in-al-reem-11-3312.jpg]
[www.espacecrem.com/gallery/images/sales/properties/villas-apartments/default/espace-marl-61641-8121.jpg]
[www.espacecrem.com/gallery/images/sales/properties/villas-apartments/default/espace-panoramic-golf-course-and-skyline-views-in-hattan1-4360.jpg]
[www.espacecrem.com/gallery/images/sales/properties/villas-apartments/default/espace-newly-built-type-2e-in-mira-near-park-and-pool1-1502.jpg]
[www.espacecrem.com/gallery/images/sales/properties/villas-apartments/default/espace-stunning-fully-upgraded-family-villa1-3421.jpg]
[www.espacecrem.com/gallery/images/sales/properties/villas-apartments/default/espace-stunning-a1-with-lake-and-golf-course-views1-2008.jpg]
[www.espacecrem.com/gallery/images/sales/properties/villas-apartments/default/espace-upgraded-5-bedroom-villa-with-private-pool-in-meadows1-6037.jpg]
[www.google.com/recaptcha/api.js]
[espace.ae/index.html]
[cdn.rawgit.com/davidstutz/bootstrap-multiselect/master/dist/css/bootstrap-multiselect.css]
